[iprp.it/index.html]
[backblue.gif]
[fade.gif]
[index.html]
[cdn.jsdelivr.net/npm/@mdi/font@6.x/css/materialdesignicons.min.css]
[cdn.jsdelivr.net/npm/vuetify@2.x/dist/vuetify.min.css]
[iprp.it/assets/logo.png]
[cdnjs.cloudflare.com/ajax/libs/font-awesome/4.7.0/css/font-awesome.min.css]
[iprp.it/item.src]
[iprp.it/assets/bony.png]
[iprp.it/assets/bogside.png]
[iprp.it/assets/alessio.png]
[iprp.it/assets/franco.png]
[iprp.it/assets/bertox.png]
[iprp.it/assets/usu.png]
[iprp.it/assets/mauro.png]
[iprp.it/assets/ghost.png]
[iprp.it/assets/ciccio.png]
[iprp.it/assets/police.webp]
[iprp.it/assets/carabinieri.webp]
[iprp.it/assets/finanza.webp]
[iprp.it/assets/cri.webp]
[iprp.it/assets/aci.webp]
[iprp.it/assets/ferrari.webp]
[iprp.it/assets/governo.webp]
[cdn.jsdelivr.net/npm/vue@2.x/dist/vue.js]
[iprp.it/index.html]
[cdn.jsdelivr.net/npm/@mdi/font@6.x/css/materialdesignicons.min.css]
[cdn.jsdelivr.net/npm/vuetify@2.x/dist/vuetify.min.css]
[cdnjs.cloudflare.com/ajax/libs/font-awesome/4.7.0/css/font-awesome.min.css]
[iprp.it/item.html]
[cdn.jsdelivr.net/npm/vuetify@2.x/dist/vuetify.js]
